# Neovim 使い方レポート

- 期間: 記録なし
- キー入力: ノーマル 0 / ビジュアル 0（チャンク 0）
- Ex コマンド: 0 回 / 検索: 0 回

## 未使用のキーマップ

回数は、入力がそのマッピングとして解決された回数。同じキーを 1 つずつ打ってマッピングにならなかった分は数えない。

なし

## キーマップの使用回数

なし

## 同じキーの連打（4 回以上）

なし

## 頻出シーケンス（2〜4 キー、系列ごとに上位 20 件）

キー列はスペース区切りで、打ったマッピングは lhs 全体で 1 キーとして数える。同じキーだけが続く並びは、連打の表で数えるので除く。

なし

## Ex コマンド

なし

