# Neovim 使い方レポート

- 期間: 2026-09-01 〜 2026-09-02（記録のある日 2 日）
- Neovim: 0.12.5+v0.12.5
- キー入力: ノーマル 24 / ビジュアル 3（チャンク 4）
- Ex コマンド: 4 回 / 検索: 1 回

## 未使用のキーマップ

回数は、入力がそのマッピングとして解決された回数。同じキーを 1 つずつ打ってマッピングにならなかった分は数えない。

| モード | lhs | desc | バッファローカル |
| --- | --- | --- | --- |
| n | `<Space>gp` | Preview hunk | yes |
| n | `<Space>q` | Diagnostics \| loclist | no |
| n | `co` | Open quickfix list | no |
| o | `ih` | Select hunk | yes |

## キーマップの使用回数

| モード | lhs | desc | 回数 |
| --- | --- | --- | --- |
| n | `<Space>ff` | Find Files (include hidden) | 1 |
| n | `<Space>y` | Yank \<path>:\<line> reference to clipboard | 1 |
| x | `<Space>y` | Yank \<path>:\<from>-\<to> reference to clipboard | 1 |

## 同じキーの連打（4 回以上）

| 系列 | キー | 連打の回数 | 押下数 | 最長 |
| --- | --- | --- | --- | --- |
| ノーマル | `j` | 1 | 5 | 5 |
| ノーマル | `x` | 1 | 4 | 4 |

## 頻出シーケンス（2〜4 キー、系列ごとに上位 20 件）

キー列はスペース区切りで、打ったマッピングは lhs 全体で 1 キーとして数える。同じキーだけが続く並びは、連打の表で数えるので除く。

| 系列 | キー列 | 回数 |
| --- | --- | --- |
| ノーマル | `d w` | 2 |
| ノーマル | `<C-W> l` | 1 |
| ノーマル | `<C-W> l v` | 1 |
| ノーマル | `<Space>ff g` | 1 |
| ノーマル | `<Space>ff g g` | 1 |
| ノーマル | `<Space>ff g g d` | 1 |
| ノーマル | `` ` a `` | 1 |
| ノーマル | `d <Space>y` | 1 |
| ノーマル | `d d <Space>y` | 1 |
| ノーマル | `` d w ` `` | 1 |
| ノーマル | `` d w ` a `` | 1 |
| ノーマル | `d w d` | 1 |
| ノーマル | `d w d w` | 1 |
| ノーマル | `g d` | 1 |
| ノーマル | `g d w` | 1 |
| ノーマル | `g d w d` | 1 |
| ノーマル | `g g d` | 1 |
| ノーマル | `g g d w` | 1 |
| ノーマル | `j d` | 1 |
| ノーマル | `j d d` | 1 |
| ビジュアル | `j <Space>y` | 1 |
| ビジュアル | `j j <Space>y` | 1 |

## Ex コマンド

| コマンド | 回数 |
| --- | --- |
| `vsplit` | 2 |
| `Telescope` | 1 |
| `write` | 1 |

